================================================================================
  4个Bug修复验证测试 (v2 修复版)
================================================================================

================================================================================
  0. 系统状态检查
================================================================================
Status: 200
{
  "code": 200,
  "message": "临时寄物牌管理系统 API 服务运行中",
  "data": {
    "version": "1.0.0",
    "port": 8125,
    "statuses": [
      "待发放",
      "使用中",
      "超时占用",
      "待核对",
      "恢复可用",
      "停用"
    ]
  }
}

================================================================================
  Bug1+Bug2 验证: 超时工单闭环后，归还不重复生成异常
================================================================================

================================================================================
  1. 创建寄物牌 BUGFIX-01
================================================================================
Status: 200
{
  "tag_code": "BUGFIX-01",
  "area": "Bug修复验证区",
  "group_name": "测试组1",
  "retention_hours": 1,
  "responsible_person": "责任人-甲",
  "id": 1,
  "status": "待发放",
  "current_user": null,
  "issue_time": null,
  "expected_return_time": null,
  "created_at": "2026-06-15T07:28:30.619887",
  "updated_at": "2026-06-15T07:28:30.619887"
}

================================================================================
  2. 发放 BUGFIX-01
================================================================================
Status: 200
{
  "code": 200,
  "message": "发放成功",
  "data": {
    "tag": {
      "tag_code": "BUGFIX-01",
      "area": "Bug修复验证区",
      "group_name": "测试组1",
      "retention_hours": 1,
      "responsible_person": "责任人-甲",
      "id": 1,
      "status": "使用中",
      "current_user": "用户甲",
      "issue_time": "2026-06-15T07:28:32.818908",
      "expected_return_time": "2026-06-15T08:28:32.818908",
      "created_at": "2026-06-15T07:28:30.619887",
      "updated_at": "2026-06-15T07:28:32.818908"
    },
    "issue_record": {
      "id": 1,
      "tag_id": 1,
      "tag_code": "BUGFIX-01",
      "area": "Bug修复验证区",
      "group_name": "测试组1",
      "responsible_person": "责任人-甲",
      "user_name": "用户甲",
      "user_contact": "13800000001",
      "issue_time": "2026-06-15T07:28:32.818908",
      "expected_return_time": "2026-06-15T08:28:32.818908",
      "actual_return_time": null,
      "is_overtime": 0,
      "overtime_hours": 0,
      "status": "使用中",
      "return_note": null,
      "created_at": "2026-06-15T07:28:32.902929"
    }
  }
}
3. 模拟 BUGFIX-01 超时4小时...
4. 手动插入一条超时未归还异常工单（模拟中间件自动创建）...
   已创建模拟超时工单 #1
   归还前异常工单数量: 1

================================================================================
  5. 管理员先闭环超时未归还工单 #1
================================================================================
Status: 200
{
  "id": 1,
  "tag_id": 1,
  "issue_record_id": 1,
  "tag_code": "BUGFIX-01",
  "area": "Bug修复验证区",
  "group_name": "测试组1",
  "responsible_person": "责任人-甲",
  "user_name": "测试用户",
  "exception_type": "超时归还",
  "exception_description": "模拟超时未归还工单",
  "handling_conclusion": "已联系用户，用户承诺今日内归还",
  "handler": "管理员-提前处理",
  "handling_time": "2026-06-15T07:28:37.312425",
  "ticket_status": "已闭环",
  "created_at": "2026-06-15T07:28:33.108022",
  "updated_at": "2026-06-15T07:28:37.312425"
}
   闭环后异常工单数量: 1

================================================================================
  6. 用户后续归还 BUGFIX-01（不应生成新异常）
================================================================================
Status: 200
{
  "code": 200,
  "message": "归还成功",
  "data": {
    "tag": {
      "tag_code": "BUGFIX-01",
      "area": "Bug修复验证区",
      "group_name": "测试组1",
      "retention_hours": 1,
      "responsible_person": "责任人-甲",
      "id": 1,
      "status": "待核对",
      "current_user": null,
      "issue_time": null,
      "expected_return_time": null,
      "created_at": "2026-06-15T07:28:30.619887",
      "updated_at": "2026-06-15T07:28:41.585174"
    },
    "issue_record": {
      "id": 1,
      "tag_id": 1,
      "tag_code": "BUGFIX-01",
      "area": "Bug修复验证区",
      "group_name": "测试组1",
      "responsible_person": "责任人-甲",
      "user_name": "用户甲",
      "user_contact": "13800000001",
      "issue_time": "2026-06-15T03:28:32.992928",
      "expected_return_time": "2026-06-15T04:28:32.992928",
      "actual_return_time": "2026-06-15T07:28:41.585174",
      "is_overtime": 1,
      "overtime_hours": 4,
      "status": "已归还",
      "return_note": "用户刚归还",
      "created_at": "2026-06-15T07:28:32.902929"
    }
  }
}
   归还后异常工单数量: 1
  [OK] Bug1+Bug2修复验证通过：归还后未重复生成异常工单！

================================================================================
  Bug3 验证: 待核对/超时归还类型异常闭环不能绕过核对
================================================================================

================================================================================
  7. 创建寄物牌 BUGFIX-02
================================================================================
Status: 200
{
  "tag_code": "BUGFIX-02",
  "area": "Bug修复验证区",
  "group_name": "测试组2",
  "retention_hours": 1,
  "responsible_person": "责任人-乙",
  "id": 2,
  "status": "待发放",
  "current_user": null,
  "issue_time": null,
  "expected_return_time": null,
  "created_at": "2026-06-15T07:28:45.849803",
  "updated_at": "2026-06-15T07:28:45.849803"
}

================================================================================
  8. 发放 BUGFIX-02
================================================================================
Status: 200
{
  "code": 200,
  "message": "发放成功",
  "data": {
    "tag": {
      "tag_code": "BUGFIX-02",
      "area": "Bug修复验证区",
      "group_name": "测试组2",
      "retention_hours": 1,
      "responsible_person": "责任人-乙",
      "id": 2,
      "status": "使用中",
      "current_user": "用户乙",
      "issue_time": "2026-06-15T07:28:48.061747",
      "expected_return_time": "2026-06-15T08:28:48.061747",
      "created_at": "2026-06-15T07:28:45.849803",
      "updated_at": "2026-06-15T07:28:48.061747"
    },
    "issue_record": {
      "id": 2,
      "tag_id": 2,
      "tag_code": "BUGFIX-02",
      "area": "Bug修复验证区",
      "group_name": "测试组2",
      "responsible_person": "责任人-乙",
      "user_name": "用户乙",
      "user_contact": "13800000002",
      "issue_time": "2026-06-15T07:28:48.061747",
      "expected_return_time": "2026-06-15T08:28:48.061747",
      "actual_return_time": null,
      "is_overtime": 0,
      "overtime_hours": 0,
      "status": "使用中",
      "return_note": null,
      "created_at": "2026-06-15T07:28:48.064741"
    }
  }
}
9. 模拟 BUGFIX-02 超时2小时...

================================================================================
  10. 超时归还 BUGFIX-02（产生待核对状态+超时归还异常）
================================================================================
Status: 200
{
  "code": 200,
  "message": "归还成功",
  "data": {
    "tag": {
      "tag_code": "BUGFIX-02",
      "area": "Bug修复验证区",
      "group_name": "测试组2",
      "retention_hours": 1,
      "responsible_person": "责任人-乙",
      "id": 2,
      "status": "待核对",
      "current_user": null,
      "issue_time": null,
      "expected_return_time": null,
      "created_at": "2026-06-15T07:28:45.849803",
      "updated_at": "2026-06-15T07:28:50.335924"
    },
    "issue_record": {
      "id": 2,
      "tag_id": 2,
      "tag_code": "BUGFIX-02",
      "area": "Bug修复验证区",
      "group_name": "测试组2",
      "responsible_person": "责任人-乙",
      "user_name": "用户乙",
      "user_contact": "13800000002",
      "issue_time": "2026-06-15T05:28:48.213046",
      "expected_return_time": "2026-06-15T06:28:48.213046",
      "actual_return_time": "2026-06-15T07:28:50.335924",
      "is_overtime": 1,
      "overtime_hours": 2,
      "status": "已归还",
      "return_note": "超时2小时归还",
      "created_at": "2026-06-15T07:28:48.064741"
    }
  }
}
   BUGFIX-02 当前状态: 待核对
   待处理异常工单号: #2

================================================================================
  11. 直接闭环超时归还类型异常 #2
================================================================================
Status: 200
{
  "id": 2,
  "tag_id": 2,
  "issue_record_id": 2,
  "tag_code": "BUGFIX-02",
  "area": "Bug修复验证区",
  "group_name": "测试组2",
  "responsible_person": "责任人-乙",
  "user_name": "用户乙",
  "exception_type": "超时归还",
  "exception_description": "寄物牌超时2小时归还",
  "handling_conclusion": "尝试直接闭环看是否绕过核对",
  "handler": "管理员-测试绕过",
  "handling_time": "2026-06-15T07:28:56.555079",
  "ticket_status": "已闭环",
  "created_at": "2026-06-15T07:28:50.341961",
  "updated_at": "2026-06-15T07:28:56.555079"
}
   闭环后 BUGFIX-02 当前状态: 待核对
  [OK] Bug3修复验证通过：超时归还类型异常闭环后仍保持待核对状态，必须走核对流程！

================================================================================
  12. 走正常核对流程处理 BUGFIX-02
================================================================================
Status: 200
{
  "code": 200,
  "message": "核对完成",
  "data": {
    "tag": {
      "tag_code": "BUGFIX-02",
      "area": "Bug修复验证区",
      "group_name": "测试组2",
      "retention_hours": 1,
      "responsible_person": "责任人-乙",
      "id": 2,
      "status": "恢复可用",
      "current_user": null,
      "issue_time": null,
      "expected_return_time": null,
      "created_at": "2026-06-15T07:28:45.849803",
      "updated_at": "2026-06-15T07:29:00.836933"
    },
    "check_record": {
      "overtime_description": "用户逛太久忘记归还时间",
      "handling_conclusion": "已对用户进行提醒，用户接受",
      "check_person": "核对员-小陈",
      "is_closed": 1,
      "id": 1,
      "tag_id": 2,
      "issue_record_id": 2,
      "tag_code": "BUGFIX-02",
      "check_time": "2026-06-15T07:29:00.835935",
      "created_at": "2026-06-15T07:29:00.840923"
    },
    "issue_record": {
      "id": 2,
      "tag_id": 2,
      "tag_code": "BUGFIX-02",
      "area": "Bug修复验证区",
      "group_name": "测试组2",
      "responsible_person": "责任人-乙",
      "user_name": "用户乙",
      "user_contact": "13800000002",
      "issue_time": "2026-06-15T05:28:48.213046",
      "expected_return_time": "2026-06-15T06:28:48.213046",
      "actual_return_time": "2026-06-15T07:28:50.335924",
      "is_overtime": 1,
      "overtime_hours": 2,
      "status": "已归还",
      "return_note": "超时2小时归还",
      "created_at": "2026-06-15T07:28:48.064741"
    }
  }
}
   核对后 BUGFIX-02 当前状态: 恢复可用
  [OK] 核对流程验证通过：核对完成后正确恢复可用！

================================================================================
  Bug3对比验证: 人工标记异常闭环后应能恢复可用
================================================================================

================================================================================
  13. 创建寄物牌 BUGFIX-03
================================================================================
Status: 200
{
  "tag_code": "BUGFIX-03",
  "area": "Bug修复验证区",
  "group_name": "测试组3",
  "retention_hours": 1,
  "responsible_person": "责任人-丙",
  "id": 3,
  "status": "待发放",
  "current_user": null,
  "issue_time": null,
  "expected_return_time": null,
  "created_at": "2026-06-15T07:29:05.087945",
  "updated_at": "2026-06-15T07:29:05.087945"
}

================================================================================
  14. 发放并正常归还 BUGFIX-03
================================================================================
Status: 200
{
  "code": 200,
  "message": "发放成功",
  "data": {
    "tag": {
      "tag_code": "BUGFIX-03",
      "area": "Bug修复验证区",
      "group_name": "测试组3",
      "retention_hours": 1,
      "responsible_person": "责任人-丙",
      "id": 3,
      "status": "使用中",
      "current_user": "用户丙",
      "issue_time": "2026-06-15T07:29:07.198101",
      "expected_return_time": "2026-06-15T08:29:07.198101",
      "created_at": "2026-06-15T07:29:05.087945",
      "updated_at": "2026-06-15T07:29:07.198101"
    },
    "issue_record": {
      "id": 3,
      "tag_id": 3,
      "tag_code": "BUGFIX-03",
      "area": "Bug修复验证区",
      "group_name": "测试组3",
      "responsible_person": "责任人-丙",
      "user_name": "用户丙",
      "user_contact": "13800000003",
      "issue_time": "2026-06-15T07:29:07.198101",
      "expected_return_time": "2026-06-15T08:29:07.198101",
      "actual_return_time": null,
      "is_overtime": 0,
      "overtime_hours": 0,
      "status": "使用中",
      "return_note": null,
      "created_at": "2026-06-15T07:29:07.200094"
    }
  }
}

================================================================================
  15. 人工标记 BUGFIX-03 异常（牌面损坏）
================================================================================
Status: 200
{
  "id": 3,
  "tag_id": 3,
  "issue_record_id": null,
  "tag_code": "BUGFIX-03",
  "area": "Bug修复验证区",
  "group_name": "测试组3",
  "responsible_person": "责任人-丙",
  "user_name": null,
  "exception_type": "人工标记异常",
  "exception_description": "牌面边角有裂痕",
  "handling_conclusion": null,
  "handler": null,
  "handling_time": null,
  "ticket_status": "待处理",
  "created_at": "2026-06-15T07:29:11.595904",
  "updated_at": "2026-06-15T07:29:11.595904"
}
   标记异常后 BUGFIX-03 当前状态: 恢复可用
   人工标记异常工单号: #3

================================================================================
  16. 维修完成后闭环人工标记异常 #3
================================================================================
Status: 200
{
  "id": 3,
  "tag_id": 3,
  "issue_record_id": null,
  "tag_code": "BUGFIX-03",
  "area": "Bug修复验证区",
  "group_name": "测试组3",
  "responsible_person": "责任人-丙",
  "user_name": null,
  "exception_type": "人工标记异常",
  "exception_description": "牌面边角有裂痕",
  "handling_conclusion": "牌面裂痕已修复，可以重新投入使用",
  "handler": "维修员-老李",
  "handling_time": "2026-06-15T07:29:17.860832",
  "ticket_status": "已闭环",
  "created_at": "2026-06-15T07:29:11.595904",
  "updated_at": "2026-06-15T07:29:17.860832"
}
   闭环人工标记异常后 BUGFIX-03 当前状态: 恢复可用
  [OK] 人工标记异常对比验证通过：修复后闭环可正确恢复可用！

================================================================================
  Bug4 验证: 处理时间支持按实际处理时间登记
================================================================================

================================================================================
  17. 创建寄物牌 BUGFIX-04
================================================================================
Status: 200
{
  "tag_code": "BUGFIX-04",
  "area": "Bug修复验证区",
  "group_name": "测试组4",
  "retention_hours": 1,
  "responsible_person": "责任人-丁",
  "id": 4,
  "status": "待发放",
  "current_user": null,
  "issue_time": null,
  "expected_return_time": null,
  "created_at": "2026-06-15T07:29:22.122023",
  "updated_at": "2026-06-15T07:29:22.122023"
}

================================================================================
  18. 发放并正常归还 BUGFIX-04
================================================================================
Status: 200
{
  "code": 200,
  "message": "发放成功",
  "data": {
    "tag": {
      "tag_code": "BUGFIX-04",
      "area": "Bug修复验证区",
      "group_name": "测试组4",
      "retention_hours": 1,
      "responsible_person": "责任人-丁",
      "id": 4,
      "status": "使用中",
      "current_user": "用户丁",
      "issue_time": "2026-06-15T07:29:24.323092",
      "expected_return_time": "2026-06-15T08:29:24.323092",
      "created_at": "2026-06-15T07:29:22.122023",
      "updated_at": "2026-06-15T07:29:24.323092"
    },
    "issue_record": {
      "id": 4,
      "tag_id": 4,
      "tag_code": "BUGFIX-04",
      "area": "Bug修复验证区",
      "group_name": "测试组4",
      "responsible_person": "责任人-丁",
      "user_name": "用户丁",
      "user_contact": "13800000004",
      "issue_time": "2026-06-15T07:29:24.323092",
      "expected_return_time": "2026-06-15T08:29:24.323092",
      "actual_return_time": null,
      "is_overtime": 0,
      "overtime_hours": 0,
      "status": "使用中",
      "return_note": null,
      "created_at": "2026-06-15T07:29:24.325086"
    }
  }
}

================================================================================
  19. 人工标记 BUGFIX-04 异常
================================================================================
Status: 200
{
  "id": 4,
  "tag_id": 4,
  "issue_record_id": null,
  "tag_code": "BUGFIX-04",
  "area": "Bug修复验证区",
  "group_name": "测试组4",
  "responsible_person": "责任人-丁",
  "user_name": null,
  "exception_type": "人工标记异常",
  "exception_description": "系统登记信息有误",
  "handling_conclusion": null,
  "handler": null,
  "handling_time": null,
  "ticket_status": "待处理",
  "created_at": "2026-06-15T07:29:28.622749",
  "updated_at": "2026-06-15T07:29:28.622749"
}
   传入的自定义处理时间: 2026-06-15T04:59:30.827079

================================================================================
  20. 闭环时传入自定义处理时间 #4
================================================================================
Status: 200
{
  "id": 4,
  "tag_id": 4,
  "issue_record_id": null,
  "tag_code": "BUGFIX-04",
  "area": "Bug修复验证区",
  "group_name": "测试组4",
  "responsible_person": "责任人-丁",
  "user_name": null,
  "exception_type": "人工标记异常",
  "exception_description": "系统登记信息有误",
  "handling_conclusion": "信息已修正，实际2个半小时前处理完毕",
  "handler": "管理员-补录数据",
  "handling_time": "2026-06-15T04:59:30.827079",
  "ticket_status": "已闭环",
  "created_at": "2026-06-15T07:29:28.622749",
  "updated_at": "2026-06-15T07:29:32.874812"
}
   返回的实际处理时间: 2026-06-15T04:59:30.827079
  [OK] Bug4修复验证通过：处理时间已按自定义时间正确登记！

================================================================================
  额外验证: Bug3-待核对类型异常闭环后仍需走核对流程
================================================================================

================================================================================
  21. 创建寄物牌 BUGFIX-05
================================================================================
Status: 200
{
  "tag_code": "BUGFIX-05",
  "area": "Bug修复验证区",
  "group_name": "测试组5",
  "retention_hours": 1,
  "responsible_person": "责任人-戊",
  "id": 5,
  "status": "待发放",
  "current_user": null,
  "issue_time": null,
  "expected_return_time": null,
  "created_at": "2026-06-15T07:29:37.125407",
  "updated_at": "2026-06-15T07:29:37.125407"
}

================================================================================
  22. 发放并正常归还 BUGFIX-05
================================================================================
Status: 200
{
  "code": 200,
  "message": "发放成功",
  "data": {
    "tag": {
      "tag_code": "BUGFIX-05",
      "area": "Bug修复验证区",
      "group_name": "测试组5",
      "retention_hours": 1,
      "responsible_person": "责任人-戊",
      "id": 5,
      "status": "使用中",
      "current_user": "用户戊",
      "issue_time": "2026-06-15T07:29:39.372511",
      "expected_return_time": "2026-06-15T08:29:39.372511",
      "created_at": "2026-06-15T07:29:37.125407",
      "updated_at": "2026-06-15T07:29:39.372511"
    },
    "issue_record": {
      "id": 5,
      "tag_id": 5,
      "tag_code": "BUGFIX-05",
      "area": "Bug修复验证区",
      "group_name": "测试组5",
      "responsible_person": "责任人-戊",
      "user_name": "用户戊",
      "user_contact": "13800000005",
      "issue_time": "2026-06-15T07:29:39.372511",
      "expected_return_time": "2026-06-15T08:29:39.372511",
      "actual_return_time": null,
      "is_overtime": 0,
      "overtime_hours": 0,
      "status": "使用中",
      "return_note": null,
      "created_at": "2026-06-15T07:29:39.374469"
    }
  }
}

================================================================================
  23. 为 BUGFIX-05 创建「待核对」类型异常工单
================================================================================
Status: 200
{
  "id": 5,
  "tag_id": 5,
  "issue_record_id": null,
  "tag_code": "BUGFIX-05",
  "area": "Bug修复验证区",
  "group_name": "测试组5",
  "responsible_person": "责任人-戊",
  "user_name": null,
  "exception_type": "待核对",
  "exception_description": "系统记录与纸质登记不一致",
  "handling_conclusion": null,
  "handler": null,
  "handling_time": null,
  "ticket_status": "待处理",
  "created_at": "2026-06-15T07:29:43.678664",
  "updated_at": "2026-06-15T07:29:43.678664"
}
   已手动将 BUGFIX-05 标记为待核对状态，模拟待核对场景
   待核对类型异常工单号: #5

================================================================================
  24. 直接闭环待核对类型异常 #5
================================================================================
Status: 200
{
  "id": 5,
  "tag_id": 5,
  "issue_record_id": null,
  "tag_code": "BUGFIX-05",
  "area": "Bug修复验证区",
  "group_name": "测试组5",
  "responsible_person": "责任人-戊",
  "user_name": null,
  "exception_type": "待核对",
  "exception_description": "系统记录与纸质登记不一致",
  "handling_conclusion": "尝试直接闭环待核对工单",
  "handler": "管理员-测试绕过2",
  "handling_time": "2026-06-15T07:29:48.009061",
  "ticket_status": "已闭环",
  "created_at": "2026-06-15T07:29:43.678664",
  "updated_at": "2026-06-15T07:29:48.009061"
}
   闭环待核对异常后 BUGFIX-05 当前状态: 待核对
  [OK] 待核对类型异常验证通过：闭环后仍保持待核对状态，必须走核对流程！

================================================================================
  25. 通过核对流程闭环 BUGFIX-05
================================================================================
Status: 404
{
  "code": 404,
  "message": "寄物牌 BUGFIX-05 没有待核对的发放记录",
  "conflict_object": null,
  "current_status": null
}
   核对完成后 BUGFIX-05 当前状态: 待核对

================================================================================
  统计接口验证: 多维度异常统计
================================================================================

================================================================================
  26. 查询详细异常统计
================================================================================
Status: 200
{
  "overview": {
    "total_count": 5,
    "pending_count": 0,
    "processing_count": 0,
    "total_pending": 0,
    "closed_count": 5,
    "closure_rate": 100.0
  },
  "by_area": [
    {
      "area": "Bug修复验证区",
      "total_count": 5,
      "pending_count": 0,
      "closed_count": 5,
      "closure_rate": 100.0
    }
  ],
  "by_responsible": [
    {
      "responsible_person": "责任人-丁",
      "total_count": 1,
      "pending_count": 0,
      "closed_count": 1,
      "closure_rate": 100.0
    },
    {
      "responsible_person": "责任人-丙",
      "total_count": 1,
      "pending_count": 0,
      "closed_count": 1,
      "closure_rate": 100.0
    },
    {
      "responsible_person": "责任人-乙",
      "total_count": 1,
      "pending_count": 0,
      "closed_count": 1,
      "closure_rate": 100.0
    },
    {
      "responsible_person": "责任人-戊",
      "total_count": 1,
      "pending_count": 0,
      "closed_count": 1,
      "closure_rate": 100.0
    },
    {
      "responsible_person": "责任人-甲",
      "total_count": 1,
      "pending_count": 0,
      "closed_count": 1,
      "closure_rate": 100.0
    }
  ],
  "by_exception_type": [
    {
      "exception_type": "人工标记异常",
      "total_count": 2,
      "pending_count": 0,
      "closed_count": 2,
      "closure_rate": 100.0
    },
    {
      "exception_type": "超时归还",
      "total_count": 2,
      "pending_count": 0,
      "closed_count": 2,
      "closure_rate": 100.0
    },
    {
      "exception_type": "待核对",
      "total_count": 1,
      "pending_count": 0,
      "closed_count": 1,
      "closure_rate": 100.0
    }
  ]
}

================================================================================
  4个Bug修复验证测试完成！
================================================================================

  修复总结:
  Bug1+2: 归还时检查是否已有闭环工单(同发放记录)，避免重复生成异常
  Bug3:   超时归还/待核对类型异常闭环不自动恢复可用(仍保持待核对)
          人工标记异常闭环后正常恢复可用
  Bug4:   处理接口新增handling_time字段，支持按实际处理时间登记

